// Jest Snapshot v1, https://goo.gl/fbAQLP

exports[`<Text /> renders h1 tag 1`] = `
<div>
  <h1
    class="Text__StyledText-sc-1ul0hnu-0 cimzHl"
  >
    sample Text
  </h1>
</div>
`;
